Component: ARM Compiler 5.06 update 5 (build 528) Tool: armlink [4d35e2]

==============================================================================

Section Cross References

    semaphore.o(i.OS_Sem_Init) refers to startup.o(.text) for StartCritical
    semaphore.o(i.OS_Sem_Pend) refers to startup.o(.text) for DisableInterrupts
    semaphore.o(i.OS_Sem_Pend) refers to jelos.o(i.BlockCurrentTask) for BlockCurrentTask
    semaphore.o(i.OS_Sem_Pend) refers to semaphore.o(i.OS_Surrender) for OS_Surrender
    semaphore.o(i.OS_Sem_Post) refers to startup.o(.text) for StartCritical
    semaphore.o(i.OS_Sem_Post) refers to jelos.o(i.UnblockTask) for UnblockTask
    ostestmain.o(i.One) refers to semaphore.o(i.OS_Sem_Pend) for OS_Sem_Pend
    ostestmain.o(i.One) refers to ostestmain.o(i.slowprint) for slowprint
    ostestmain.o(i.One) refers to semaphore.o(i.OS_Sem_Post) for OS_Sem_Post
    ostestmain.o(i.One) refers to jelos.o(i.OS_Delay) for OS_Delay
    ostestmain.o(i.One) refers to ostestmain.o(.data) for UART_Sem
    ostestmain.o(i.Two) refers to semaphore.o(i.OS_Sem_Pend) for OS_Sem_Pend
    ostestmain.o(i.Two) refers to ostestmain.o(i.slowprint) for slowprint
    ostestmain.o(i.Two) refers to semaphore.o(i.OS_Sem_Post) for OS_Sem_Post
    ostestmain.o(i.Two) refers to jelos.o(i.OS_Delay) for OS_Delay
    ostestmain.o(i.Two) refers to ostestmain.o(.data) for UART_Sem
    ostestmain.o(i.Zero) refers to semaphore.o(i.OS_Sem_Pend) for OS_Sem_Pend
    ostestmain.o(i.Zero) refers to ostestmain.o(i.slowprint) for slowprint
    ostestmain.o(i.Zero) refers to semaphore.o(i.OS_Sem_Post) for OS_Sem_Post
    ostestmain.o(i.Zero) refers to jelos.o(i.OS_Delay) for OS_Delay
    ostestmain.o(i.Zero) refers to ostestmain.o(.data) for UART_Sem
    ostestmain.o(i.main) refers to pll.o(i.PLL_Init) for PLL_Init
    ostestmain.o(i.main) refers to uart.o(i.UART_Init) for UART_Init
    ostestmain.o(i.main) refers to ostestmain.o(i.SysTick_Init) for SysTick_Init
    ostestmain.o(i.main) refers to semaphore.o(i.OS_Sem_Init) for OS_Sem_Init
    ostestmain.o(i.main) refers to puts.o(i.puts) for puts
    ostestmain.o(i.main) refers to jelos.o(i.CreateTask) for CreateTask
    ostestmain.o(i.main) refers to jelos.o(i.StartScheduler) for StartScheduler
    ostestmain.o(i.main) refers to ostestmain.o(.data) for UART_Sem
    ostestmain.o(i.main) refers to ostestmain.o(.conststring) for .conststring
    ostestmain.o(i.main) refers to ostestmain.o(.bss) for task_shell_stack
    ostestmain.o(i.main) refers to shell.o(i.shell) for shell
    ostestmain.o(i.main) refers to ostestmain.o(i.Zero) for Zero
    ostestmain.o(i.main) refers to ostestmain.o(i.One) for One
    ostestmain.o(i.main) refers to ostestmain.o(i.Two) for Two
    ostestmain.o(i.slowprint) refers to ostestmain.o(i.spin_delay) for spin_delay
    ostestmain.o(i.slowprint) refers to putc.o(i.putc) for putc
    ostestmain.o(i.slowprint) refers to stdout.o(.data) for __stdout
    jelos.o(i.BlockCurrentTask) refers to jelos.o(.data) for CURRENT_TASK
    jelos.o(i.CreateTask) refers to jelos.o(i.InitSystem) for InitSystem
    jelos.o(i.CreateTask) refers to jelos.o(.data) for TASK_LIST_PTR
    jelos.o(i.InitSystem) refers to jelos.o(i.CreateTask) for CreateTask
    jelos.o(i.InitSystem) refers to jelos.o(.bss) for task_list
    jelos.o(i.InitSystem) refers to jelos.o(.data) for TASK_LIST_PTR
    jelos.o(i.InitSystem) refers to jelos.o(i.NullTask) for NullTask
    jelos.o(i.My_TID) refers to jelos.o(.data) for CURRENT_TASK
    jelos.o(i.Schedule) refers to jelosasm.o(.text) for StartNewTask
    jelos.o(i.Schedule) refers to jelos.o(.data) for CURRENT_TASK
    jelos.o(i.StartScheduler) refers to startup.o(.text) for EnableInterrupts
    jelos.o(i.StartScheduler) refers to jelos.o(i.NullTask) for NullTask
    jelos.o(i.StartScheduler) refers to jelos.o(.data) for CURRENT_TASK
    jelos.o(i.UnblockTask) refers to jelos.o(.data) for CURRENT_TASK
    jelosasm.o(.text) refers to jelos.o(i.Schedule) for Schedule
    shell.o(i.execute) refers to printf3.o(i.__0printf$3) for __2printf
    shell.o(i.execute) refers to serialio.o(i.prmsg) for prmsg
    shell.o(i.execute) refers to putc.o(i.putc) for putc
    shell.o(i.execute) refers to stdout.o(.data) for __stdout
    shell.o(i.print_tid) refers to jelos.o(i.My_TID) for My_TID
    shell.o(i.print_tid) refers to printf3.o(i.__0printf$3) for __2printf
    shell.o(i.settime) refers to printf3.o(i.__0printf$3) for __2printf
    shell.o(i.shell) refers to memseta.o(.text) for __aeabi_memclr4
    shell.o(i.shell) refers to printf3.o(i.__0printf$3) for __2printf
    shell.o(i.shell) refers to serialio.o(i.gets) for gets
    shell.o(i.shell) refers to shell.o(i.parse) for parse
    shell.o(i.shell) refers to serialio.o(i.strcmp) for strcmp
    shell.o(i.shell) refers to shell.o(i.time) for time
    shell.o(i.shell) refers to shell.o(i.settime) for settime
    shell.o(i.shell) refers to shell.o(i.temp) for temp
    shell.o(i.shell) refers to shell.o(i.print_tid) for print_tid
    shell.o(i.shell) refers to puts.o(i.puts) for puts
    shell.o(i.shell) refers to shell.o(i.execute) for execute
    shell.o(i.shell) refers to putc.o(i.putc) for putc
    shell.o(i.shell) refers to stdout.o(.data) for __stdout
    shell.o(i.temp) refers to printf3.o(i.__0printf$3) for __2printf
    shell.o(i.time) refers to printf3.o(i.__0printf$3) for __2printf
    uart.o(i.UART_InString) refers to uart.o(i.UART_InChar) for UART_InChar
    uart.o(i.UART_InString) refers to uart.o(i.UART_OutChar) for UART_OutChar
    uart.o(i.UART_InUDec) refers to uart.o(i.UART_InChar) for UART_InChar
    uart.o(i.UART_InUDec) refers to uart.o(i.UART_OutChar) for UART_OutChar
    uart.o(i.UART_InUHex) refers to uart.o(i.UART_InChar) for UART_InChar
    uart.o(i.UART_InUHex) refers to uart.o(i.UART_OutChar) for UART_OutChar
    uart.o(i.UART_OutString) refers to uart.o(i.UART_OutChar) for UART_OutChar
    uart.o(i.UART_OutUDec) refers to uart.o(i.UART_OutChar) for UART_OutChar
    uart.o(i.UART_OutUHex) refers to uart.o(i.UART_OutChar) for UART_OutChar
    startup.o(RESET) refers to startup.o(STACK) for StackMem
    startup.o(RESET) refers to jelosasm.o(.text) for SysTick_Handler
    startup.o(RESET) refers to entry.o(.ARM.Collect$$$$00000000) for __main
    serialio.o(i.fgetc) refers to uart.o(i.UART_InChar) for UART_InChar
    serialio.o(i.fgetc) refers to uart.o(i.UART_OutChar) for UART_OutChar
    serialio.o(i.fputc) refers to uart.o(i.UART_OutChar) for UART_OutChar
    serialio.o(i.gets) refers to getc.o(i.getc) for getc
    serialio.o(i.gets) refers to stdin.o(.data) for __stdin
    serialio.o(i.prmsg) refers to putc.o(i.putc) for putc
    serialio.o(i.prmsg) refers to stdout.o(.data) for __stdout
    entry.o(.ARM.Collect$$$$00000000) refers (Special) to entry10a.o(.ARM.Collect$$$$0000000D) for __rt_final_cpp
    entry.o(.ARM.Collect$$$$00000000) refers (Special) to entry11a.o(.ARM.Collect$$$$0000000F) for __rt_final_exit
    entry.o(.ARM.Collect$$$$00000000) refers (Special) to entry7b.o(.ARM.Collect$$$$00000008) for _main_clock
    entry.o(.ARM.Collect$$$$00000000) refers (Special) to entry8b.o(.ARM.Collect$$$$0000000A) for _main_cpp_init
    entry.o(.ARM.Collect$$$$00000000) refers (Special) to entry9a.o(.ARM.Collect$$$$0000000B) for _main_init
    entry.o(.ARM.Collect$$$$00000000) refers (Special) to entry5.o(.ARM.Collect$$$$00000004) for _main_scatterload
    entry.o(.ARM.Collect$$$$00000000) refers (Special) to entry2.o(.ARM.Collect$$$$00000001) for _main_stk
    puts.o(i.puts) refers to serialio.o(i.fputc) for fputc
    puts.o(i.puts) refers to stdout.o(.data) for __stdout
    getc.o(i.getc) refers to serialio.o(i.fgetc) for fgetc
    putc.o(i.putc) refers to serialio.o(i.fputc) for fputc
    puts_e.o(.text) refers to serialio.o(i.fputc) for fputc
    puts_e.o(.text) refers to stdout.o(.data) for __stdout
    printfb.o(i.__0fprintf$bare) refers to printfb.o(i._printf_core) for _printf_core
    printfb.o(i.__0fprintf$bare) refers to serialio.o(i.fputc) for fputc
    printfb.o(i.__0printf$bare) refers to printfb.o(i._printf_core) for _printf_core
    printfb.o(i.__0printf$bare) refers to serialio.o(i.fputc) for fputc
    printfb.o(i.__0printf$bare) refers to stdout.o(.data) for __stdout
    printfb.o(i.__0snprintf$bare) refers to printfb.o(i._printf_core) for _printf_core
    printfb.o(i.__0snprintf$bare) refers to printfb.o(i._snputc) for _snputc
    printfb.o(i.__0sprintf$bare) refers to printfb.o(i._printf_core) for _printf_core
    printfb.o(i.__0sprintf$bare) refers to printfb.o(i._sputc) for _sputc
    printfb.o(i.__0vfprintf$bare) refers to printfb.o(i._printf_core) for _printf_core
    printfb.o(i.__0vfprintf$bare) refers to serialio.o(i.fputc) for fputc
    printfb.o(i.__0vprintf$bare) refers to printfb.o(i._printf_core) for _printf_core
    printfb.o(i.__0vprintf$bare) refers to serialio.o(i.fputc) for fputc
    printfb.o(i.__0vprintf$bare) refers to stdout.o(.data) for __stdout
    printfb.o(i.__0vsnprintf$bare) refers to printfb.o(i._printf_core) for _printf_core
    printfb.o(i.__0vsnprintf$bare) refers to printfb.o(i._snputc) for _snputc
    printfb.o(i.__0vsprintf$bare) refers to printfb.o(i._printf_core) for _printf_core
    printfb.o(i.__0vsprintf$bare) refers to printfb.o(i._sputc) for _sputc
    printf0.o(i.__0fprintf$0) refers to printf0.o(i._printf_core) for _printf_core
    printf0.o(i.__0fprintf$0) refers to serialio.o(i.fputc) for fputc
    printf0.o(i.__0printf$0) refers to printf0.o(i._printf_core) for _printf_core
    printf0.o(i.__0printf$0) refers to serialio.o(i.fputc) for fputc
    printf0.o(i.__0printf$0) refers to stdout.o(.data) for __stdout
    printf0.o(i.__0snprintf$0) refers to printf0.o(i._printf_core) for _printf_core
    printf0.o(i.__0snprintf$0) refers to printf0.o(i._snputc) for _snputc
    printf0.o(i.__0sprintf$0) refers to printf0.o(i._printf_core) for _printf_core
    printf0.o(i.__0sprintf$0) refers to printf0.o(i._sputc) for _sputc
    printf0.o(i.__0vfprintf$0) refers to printf0.o(i._printf_core) for _printf_core
    printf0.o(i.__0vfprintf$0) refers to serialio.o(i.fputc) for fputc
    printf0.o(i.__0vprintf$0) refers to printf0.o(i._printf_core) for _printf_core
    printf0.o(i.__0vprintf$0) refers to serialio.o(i.fputc) for fputc
    printf0.o(i.__0vprintf$0) refers to stdout.o(.data) for __stdout
    printf0.o(i.__0vsnprintf$0) refers to printf0.o(i._printf_core) for _printf_core
    printf0.o(i.__0vsnprintf$0) refers to printf0.o(i._snputc) for _snputc
    printf0.o(i.__0vsprintf$0) refers to printf0.o(i._printf_core) for _printf_core
    printf0.o(i.__0vsprintf$0) refers to printf0.o(i._sputc) for _sputc
    printf1.o(i.__0fprintf$1) refers to printf1.o(i._printf_core) for _printf_core
    printf1.o(i.__0fprintf$1) refers to serialio.o(i.fputc) for fputc
    printf1.o(i.__0printf$1) refers to printf1.o(i._printf_core) for _printf_core
    printf1.o(i.__0printf$1) refers to serialio.o(i.fputc) for fputc
    printf1.o(i.__0printf$1) refers to stdout.o(.data) for __stdout
    printf1.o(i.__0snprintf$1) refers to printf1.o(i._printf_core) for _printf_core
    printf1.o(i.__0snprintf$1) refers to printf1.o(i._snputc) for _snputc
    printf1.o(i.__0sprintf$1) refers to printf1.o(i._printf_core) for _printf_core
    printf1.o(i.__0sprintf$1) refers to printf1.o(i._sputc) for _sputc
    printf1.o(i.__0vfprintf$1) refers to printf1.o(i._printf_core) for _printf_core
    printf1.o(i.__0vfprintf$1) refers to serialio.o(i.fputc) for fputc
    printf1.o(i.__0vprintf$1) refers to printf1.o(i._printf_core) for _printf_core
    printf1.o(i.__0vprintf$1) refers to serialio.o(i.fputc) for fputc
    printf1.o(i.__0vprintf$1) refers to stdout.o(.data) for __stdout
    printf1.o(i.__0vsnprintf$1) refers to printf1.o(i._printf_core) for _printf_core
    printf1.o(i.__0vsnprintf$1) refers to printf1.o(i._snputc) for _snputc
    printf1.o(i.__0vsprintf$1) refers to printf1.o(i._printf_core) for _printf_core
    printf1.o(i.__0vsprintf$1) refers to printf1.o(i._sputc) for _sputc
    printf1.o(i._printf_core) refers to uidiv.o(.text) for __aeabi_uidivmod
    printf2.o(i.__0fprintf$2) refers to printf2.o(i._printf_core) for _printf_core
    printf2.o(i.__0fprintf$2) refers to serialio.o(i.fputc) for fputc
    printf2.o(i.__0printf$2) refers to printf2.o(i._printf_core) for _printf_core
    printf2.o(i.__0printf$2) refers to serialio.o(i.fputc) for fputc
    printf2.o(i.__0printf$2) refers to stdout.o(.data) for __stdout
    printf2.o(i.__0snprintf$2) refers to printf2.o(i._printf_core) for _printf_core
    printf2.o(i.__0snprintf$2) refers to printf2.o(i._snputc) for _snputc
    printf2.o(i.__0sprintf$2) refers to printf2.o(i._printf_core) for _printf_core
    printf2.o(i.__0sprintf$2) refers to printf2.o(i._sputc) for _sputc
    printf2.o(i.__0vfprintf$2) refers to printf2.o(i._printf_core) for _printf_core
    printf2.o(i.__0vfprintf$2) refers to serialio.o(i.fputc) for fputc
    printf2.o(i.__0vprintf$2) refers to printf2.o(i._printf_core) for _printf_core
    printf2.o(i.__0vprintf$2) refers to serialio.o(i.fputc) for fputc
    printf2.o(i.__0vprintf$2) refers to stdout.o(.data) for __stdout
    printf2.o(i.__0vsnprintf$2) refers to printf2.o(i._printf_core) for _printf_core
    printf2.o(i.__0vsnprintf$2) refers to printf2.o(i._snputc) for _snputc
    printf2.o(i.__0vsprintf$2) refers to printf2.o(i._printf_core) for _printf_core
    printf2.o(i.__0vsprintf$2) refers to printf2.o(i._sputc) for _sputc
    printf3.o(i.__0fprintf$3) refers to printf3.o(i._printf_core) for _printf_core
    printf3.o(i.__0fprintf$3) refers to serialio.o(i.fputc) for fputc
    printf3.o(i.__0printf$3) refers to printf3.o(i._printf_core) for _printf_core
    printf3.o(i.__0printf$3) refers to serialio.o(i.fputc) for fputc
    printf3.o(i.__0printf$3) refers to stdout.o(.data) for __stdout
    printf3.o(i.__0snprintf$3) refers to printf3.o(i._printf_core) for _printf_core
    printf3.o(i.__0snprintf$3) refers to printf3.o(i._snputc) for _snputc
    printf3.o(i.__0sprintf$3) refers to printf3.o(i._printf_core) for _printf_core
    printf3.o(i.__0sprintf$3) refers to printf3.o(i._sputc) for _sputc
    printf3.o(i.__0vfprintf$3) refers to printf3.o(i._printf_core) for _printf_core
    printf3.o(i.__0vfprintf$3) refers to serialio.o(i.fputc) for fputc
    printf3.o(i.__0vprintf$3) refers to printf3.o(i._printf_core) for _printf_core
    printf3.o(i.__0vprintf$3) refers to serialio.o(i.fputc) for fputc
    printf3.o(i.__0vprintf$3) refers to stdout.o(.data) for __stdout
    printf3.o(i.__0vsnprintf$3) refers to printf3.o(i._printf_core) for _printf_core
    printf3.o(i.__0vsnprintf$3) refers to printf3.o(i._snputc) for _snputc
    printf3.o(i.__0vsprintf$3) refers to printf3.o(i._printf_core) for _printf_core
    printf3.o(i.__0vsprintf$3) refers to printf3.o(i._sputc) for _sputc
    printf3.o(i._printf_core) refers to uidiv.o(.text) for __aeabi_uidivmod
    printf4.o(i.__0fprintf$4) refers to printf4.o(i._printf_core) for _printf_core
    printf4.o(i.__0fprintf$4) refers to serialio.o(i.fputc) for fputc
    printf4.o(i.__0printf$4) refers to printf4.o(i._printf_core) for _printf_core
    printf4.o(i.__0printf$4) refers to serialio.o(i.fputc) for fputc
    printf4.o(i.__0printf$4) refers to stdout.o(.data) for __stdout
    printf4.o(i.__0snprintf$4) refers to printf4.o(i._printf_core) for _printf_core
    printf4.o(i.__0snprintf$4) refers to printf4.o(i._snputc) for _snputc
    printf4.o(i.__0sprintf$4) refers to printf4.o(i._printf_core) for _printf_core
    printf4.o(i.__0sprintf$4) refers to printf4.o(i._sputc) for _sputc
    printf4.o(i.__0vfprintf$4) refers to printf4.o(i._printf_core) for _printf_core
    printf4.o(i.__0vfprintf$4) refers to serialio.o(i.fputc) for fputc
    printf4.o(i.__0vprintf$4) refers to printf4.o(i._printf_core) for _printf_core
    printf4.o(i.__0vprintf$4) refers to serialio.o(i.fputc) for fputc
    printf4.o(i.__0vprintf$4) refers to stdout.o(.data) for __stdout
    printf4.o(i.__0vsnprintf$4) refers to printf4.o(i._printf_core) for _printf_core
    printf4.o(i.__0vsnprintf$4) refers to printf4.o(i._snputc) for _snputc
    printf4.o(i.__0vsprintf$4) refers to printf4.o(i._printf_core) for _printf_core
    printf4.o(i.__0vsprintf$4) refers to printf4.o(i._sputc) for _sputc
    printf4.o(i._printf_core) refers to uldiv.o(.text) for __aeabi_uldivmod
    printf5.o(i.__0fprintf$5) refers to printf5.o(i._printf_core) for _printf_core
    printf5.o(i.__0fprintf$5) refers to serialio.o(i.fputc) for fputc
    printf5.o(i.__0printf$5) refers to printf5.o(i._printf_core) for _printf_core
    printf5.o(i.__0printf$5) refers to serialio.o(i.fputc) for fputc
    printf5.o(i.__0printf$5) refers to stdout.o(.data) for __stdout
    printf5.o(i.__0snprintf$5) refers to printf5.o(i._printf_core) for _printf_core
    printf5.o(i.__0snprintf$5) refers to printf5.o(i._snputc) for _snputc
    printf5.o(i.__0sprintf$5) refers to printf5.o(i._printf_core) for _printf_core
    printf5.o(i.__0sprintf$5) refers to printf5.o(i._sputc) for _sputc
    printf5.o(i.__0vfprintf$5) refers to printf5.o(i._printf_core) for _printf_core
    printf5.o(i.__0vfprintf$5) refers to serialio.o(i.fputc) for fputc
    printf5.o(i.__0vprintf$5) refers to printf5.o(i._printf_core) for _printf_core
    printf5.o(i.__0vprintf$5) refers to serialio.o(i.fputc) for fputc
    printf5.o(i.__0vprintf$5) refers to stdout.o(.data) for __stdout
    printf5.o(i.__0vsnprintf$5) refers to printf5.o(i._printf_core) for _printf_core
    printf5.o(i.__0vsnprintf$5) refers to printf5.o(i._snputc) for _snputc
    printf5.o(i.__0vsprintf$5) refers to printf5.o(i._printf_core) for _printf_core
    printf5.o(i.__0vsprintf$5) refers to printf5.o(i._sputc) for _sputc
    printf5.o(i._printf_core) refers to uldiv.o(.text) for __aeabi_uldivmod
    printf6.o(i.__0fprintf$6) refers to printf6.o(i._printf_core) for _printf_core
    printf6.o(i.__0fprintf$6) refers to serialio.o(i.fputc) for fputc
    printf6.o(i.__0printf$6) refers to printf6.o(i._printf_core) for _printf_core
    printf6.o(i.__0printf$6) refers to serialio.o(i.fputc) for fputc
    printf6.o(i.__0printf$6) refers to stdout.o(.data) for __stdout
    printf6.o(i.__0snprintf$6) refers to printf6.o(i._printf_core) for _printf_core
    printf6.o(i.__0snprintf$6) refers to printf6.o(i._snputc) for _snputc
    printf6.o(i.__0sprintf$6) refers to printf6.o(i._printf_core) for _printf_core
    printf6.o(i.__0sprintf$6) refers to printf6.o(i._sputc) for _sputc
    printf6.o(i.__0vfprintf$6) refers to printf6.o(i._printf_core) for _printf_core
    printf6.o(i.__0vfprintf$6) refers to serialio.o(i.fputc) for fputc
    printf6.o(i.__0vprintf$6) refers to printf6.o(i._printf_core) for _printf_core
    printf6.o(i.__0vprintf$6) refers to serialio.o(i.fputc) for fputc
    printf6.o(i.__0vprintf$6) refers to stdout.o(.data) for __stdout
    printf6.o(i.__0vsnprintf$6) refers to printf6.o(i._printf_core) for _printf_core
    printf6.o(i.__0vsnprintf$6) refers to printf6.o(i._snputc) for _snputc
    printf6.o(i.__0vsprintf$6) refers to printf6.o(i._printf_core) for _printf_core
    printf6.o(i.__0vsprintf$6) refers to printf6.o(i._sputc) for _sputc
    printf6.o(i._printf_core) refers to printf6.o(i._printf_pre_padding) for _printf_pre_padding
    printf6.o(i._printf_core) refers to uidiv.o(.text) for __aeabi_uidivmod
    printf6.o(i._printf_core) refers to printf6.o(i._printf_post_padding) for _printf_post_padding
    printf7.o(i.__0fprintf$7) refers to printf7.o(i._printf_core) for _printf_core
    printf7.o(i.__0fprintf$7) refers to serialio.o(i.fputc) for fputc
    printf7.o(i.__0printf$7) refers to printf7.o(i._printf_core) for _printf_core
    printf7.o(i.__0printf$7) refers to serialio.o(i.fputc) for fputc
    printf7.o(i.__0printf$7) refers to stdout.o(.data) for __stdout
    printf7.o(i.__0snprintf$7) refers to printf7.o(i._printf_core) for _printf_core
    printf7.o(i.__0snprintf$7) refers to printf7.o(i._snputc) for _snputc
    printf7.o(i.__0sprintf$7) refers to printf7.o(i._printf_core) for _printf_core
    printf7.o(i.__0sprintf$7) refers to printf7.o(i._sputc) for _sputc
    printf7.o(i.__0vfprintf$7) refers to printf7.o(i._printf_core) for _printf_core
    printf7.o(i.__0vfprintf$7) refers to serialio.o(i.fputc) for fputc
    printf7.o(i.__0vprintf$7) refers to printf7.o(i._printf_core) for _printf_core
    printf7.o(i.__0vprintf$7) refers to serialio.o(i.fputc) for fputc
    printf7.o(i.__0vprintf$7) refers to stdout.o(.data) for __stdout
    printf7.o(i.__0vsnprintf$7) refers to printf7.o(i._printf_core) for _printf_core
    printf7.o(i.__0vsnprintf$7) refers to printf7.o(i._snputc) for _snputc
    printf7.o(i.__0vsprintf$7) refers to printf7.o(i._printf_core) for _printf_core
    printf7.o(i.__0vsprintf$7) refers to printf7.o(i._sputc) for _sputc
    printf7.o(i._printf_core) refers to printf7.o(i._printf_pre_padding) for _printf_pre_padding
    printf7.o(i._printf_core) refers to uldiv.o(.text) for __aeabi_uldivmod
    printf7.o(i._printf_core) refers to printf7.o(i._printf_post_padding) for _printf_post_padding
    printf8.o(i.__0fprintf$8) refers to printf8.o(i._printf_core) for _printf_core
    printf8.o(i.__0fprintf$8) refers to serialio.o(i.fputc) for fputc
    printf8.o(i.__0printf$8) refers to printf8.o(i._printf_core) for _printf_core
    printf8.o(i.__0printf$8) refers to serialio.o(i.fputc) for fputc
    printf8.o(i.__0printf$8) refers to stdout.o(.data) for __stdout
    printf8.o(i.__0snprintf$8) refers to printf8.o(i._printf_core) for _printf_core
    printf8.o(i.__0snprintf$8) refers to printf8.o(i._snputc) for _snputc
    printf8.o(i.__0sprintf$8) refers to printf8.o(i._printf_core) for _printf_core
    printf8.o(i.__0sprintf$8) refers to printf8.o(i._sputc) for _sputc
    printf8.o(i.__0vfprintf$8) refers to printf8.o(i._printf_core) for _printf_core
    printf8.o(i.__0vfprintf$8) refers to serialio.o(i.fputc) for fputc
    printf8.o(i.__0vprintf$8) refers to printf8.o(i._printf_core) for _printf_core
    printf8.o(i.__0vprintf$8) refers to serialio.o(i.fputc) for fputc
    printf8.o(i.__0vprintf$8) refers to stdout.o(.data) for __stdout
    printf8.o(i.__0vsnprintf$8) refers to printf8.o(i._printf_core) for _printf_core
    printf8.o(i.__0vsnprintf$8) refers to printf8.o(i._snputc) for _snputc
    printf8.o(i.__0vsprintf$8) refers to printf8.o(i._printf_core) for _printf_core
    printf8.o(i.__0vsprintf$8) refers to printf8.o(i._sputc) for _sputc
    printf8.o(i._printf_core) refers to printf8.o(i._printf_pre_padding) for _printf_pre_padding
    printf8.o(i._printf_core) refers to uldiv.o(.text) for __aeabi_uldivmod
    printf8.o(i._printf_core) refers to printf8.o(i._printf_post_padding) for _printf_post_padding
    printfa.o(i.__0fprintf) refers (Special) to iusefp.o(.text) for __I$use$fp
    printfa.o(i.__0fprintf) refers to printfa.o(i._printf_core) for _printf_core
    printfa.o(i.__0fprintf) refers to serialio.o(i.fputc) for fputc
    printfa.o(i.__0printf) refers (Special) to iusefp.o(.text) for __I$use$fp
    printfa.o(i.__0printf) refers to printfa.o(i._printf_core) for _printf_core
    printfa.o(i.__0printf) refers to serialio.o(i.fputc) for fputc
    printfa.o(i.__0printf) refers to stdout.o(.data) for __stdout
    printfa.o(i.__0snprintf) refers (Special) to iusefp.o(.text) for __I$use$fp
    printfa.o(i.__0snprintf) refers to printfa.o(i._printf_core) for _printf_core
    printfa.o(i.__0snprintf) refers to printfa.o(i._snputc) for _snputc
    printfa.o(i.__0sprintf) refers (Special) to iusefp.o(.text) for __I$use$fp
    printfa.o(i.__0sprintf) refers to printfa.o(i._printf_core) for _printf_core
    printfa.o(i.__0sprintf) refers to printfa.o(i._sputc) for _sputc
    printfa.o(i.__0vfprintf) refers (Special) to iusefp.o(.text) for __I$use$fp
    printfa.o(i.__0vfprintf) refers to printfa.o(i._printf_core) for _printf_core
    printfa.o(i.__0vfprintf) refers to serialio.o(i.fputc) for fputc
    printfa.o(i.__0vprintf) refers (Special) to iusefp.o(.text) for __I$use$fp
    printfa.o(i.__0vprintf) refers to printfa.o(i._printf_core) for _printf_core
    printfa.o(i.__0vprintf) refers to serialio.o(i.fputc) for fputc
    printfa.o(i.__0vprintf) refers to stdout.o(.data) for __stdout
    printfa.o(i.__0vsnprintf) refers (Special) to iusefp.o(.text) for __I$use$fp
    printfa.o(i.__0vsnprintf) refers to printfa.o(i._printf_core) for _printf_core
    printfa.o(i.__0vsnprintf) refers to printfa.o(i._snputc) for _snputc
    printfa.o(i.__0vsprintf) refers (Special) to iusefp.o(.text) for __I$use$fp
    printfa.o(i.__0vsprintf) refers to printfa.o(i._printf_core) for _printf_core
    printfa.o(i.__0vsprintf) refers to printfa.o(i._sputc) for _sputc
    printfa.o(i._fp_digits) refers (Special) to iusefp.o(.text) for __I$use$fp
    printfa.o(i._fp_digits) refers to dmul.o(.text) for __aeabi_dmul
    printfa.o(i._fp_digits) refers to ddiv.o(.text) for __aeabi_ddiv
    printfa.o(i._fp_digits) refers to cdrcmple.o(.text) for __aeabi_cdrcmple
    printfa.o(i._fp_digits) refers to dadd.o(.text) for __aeabi_dadd
    printfa.o(i._fp_digits) refers to dfixul.o(.text) for __aeabi_d2ulz
    printfa.o(i._fp_digits) refers to uldiv.o(.text) for __aeabi_uldivmod
    printfa.o(i._printf_core) refers (Special) to iusefp.o(.text) for __I$use$fp
    printfa.o(i._printf_core) refers to printfa.o(i._printf_pre_padding) for _printf_pre_padding
    printfa.o(i._printf_core) refers to uldiv.o(.text) for __aeabi_uldivmod
    printfa.o(i._printf_core) refers to printfa.o(i._printf_post_padding) for _printf_post_padding
    printfa.o(i._printf_core) refers to printfa.o(i._fp_digits) for _fp_digits
    printfa.o(i._printf_core) refers to uidiv.o(.text) for __aeabi_uidivmod
    printfa.o(i._printf_post_padding) refers (Special) to iusefp.o(.text) for __I$use$fp
    printfa.o(i._printf_pre_padding) refers (Special) to iusefp.o(.text) for __I$use$fp
    printfa.o(i._snputc) refers (Special) to iusefp.o(.text) for __I$use$fp
    printfa.o(i._sputc) refers (Special) to iusefp.o(.text) for __I$use$fp
    entry2.o(.ARM.Collect$$$$00000001) refers to entry2.o(.ARM.Collect$$$$00002712) for __lit__00000000
    entry2.o(.ARM.Collect$$$$00002712) refers to startup.o(STACK) for __initial_sp
    entry2.o(__vectab_stack_and_reset_area) refers to startup.o(STACK) for __initial_sp
    entry2.o(__vectab_stack_and_reset_area) refers to entry.o(.ARM.Collect$$$$00000000) for __main
    entry5.o(.ARM.Collect$$$$00000004) refers to init.o(.text) for __scatterload
    entry9a.o(.ARM.Collect$$$$0000000B) refers to ostestmain.o(i.main) for main
    entry9b.o(.ARM.Collect$$$$0000000C) refers to ostestmain.o(i.main) for main
    uldiv.o(.text) refers to llushr.o(.text) for __aeabi_llsr
    uldiv.o(.text) refers to llshl.o(.text) for __aeabi_llsl
    dadd.o(.text) refers to llshl.o(.text) for __aeabi_llsl
    dadd.o(.text) refers to llsshr.o(.text) for __aeabi_lasr
    dadd.o(.text) refers to depilogue.o(.text) for _double_epilogue
    dmul.o(.text) refers to depilogue.o(.text) for _double_epilogue
    ddiv.o(.text) refers to depilogue.o(.text) for _double_round
    dfixul.o(.text) refers to llushr.o(.text) for __aeabi_llsr
    dfixul.o(.text) refers to llshl.o(.text) for __aeabi_llsl
    init.o(.text) refers to entry5.o(.ARM.Collect$$$$00000004) for __main_after_scatterload
    depilogue.o(.text) refers to llshl.o(.text) for __aeabi_llsl
    depilogue.o(.text) refers to llushr.o(.text) for __aeabi_llsr


==============================================================================

Removing Unused input sections from the image.

    Removing jelosasm.o(DATA), (4 bytes).
    Removing uart.o(i.UART_InString), (66 bytes).
    Removing uart.o(i.UART_InUDec), (76 bytes).
    Removing uart.o(i.UART_InUHex), (104 bytes).
    Removing uart.o(i.UART_OutString), (22 bytes).
    Removing uart.o(i.UART_OutUDec), (42 bytes).
    Removing uart.o(i.UART_OutUHex), (52 bytes).
    Removing startup.o(HEAP), (0 bytes).
    Removing serialio.o(i.ferror), (8 bytes).
    Removing dadd.o(.text), (334 bytes).
    Removing dmul.o(.text), (228 bytes).
    Removing ddiv.o(.text), (222 bytes).
    Removing dfixul.o(.text), (48 bytes).
    Removing cdrcmple.o(.text), (48 bytes).
    Removing depilogue.o(.text), (186 bytes).

15 unused section(s) (total 1440 bytes) removed from the image.

==============================================================================

Image Symbol Table

    Local Symbols

    Symbol Name                              Value     Ov Type        Size  Object(Section)

    RESET                                    0x00000000   Section      644  startup.o(RESET)
    ../clib/microlib/division.c              0x00000000   Number         0  uldiv.o ABSOLUTE
    ../clib/microlib/division.c              0x00000000   Number         0  uidiv.o ABSOLUTE
    ../clib/microlib/init/entry.s            0x00000000   Number         0  entry7b.o ABSOLUTE
    ../clib/microlib/init/entry.s            0x00000000   Number         0  entry.o ABSOLUTE
    ../clib/microlib/init/entry.s            0x00000000   Number         0  entry5.o ABSOLUTE
    ../clib/microlib/init/entry.s            0x00000000   Number         0  entry2.o ABSOLUTE
    ../clib/microlib/init/entry.s            0x00000000   Number         0  entry11b.o ABSOLUTE
    ../clib/microlib/init/entry.s            0x00000000   Number         0  entry11a.o ABSOLUTE
    ../clib/microlib/init/entry.s            0x00000000   Number         0  entry10b.o ABSOLUTE
    ../clib/microlib/init/entry.s            0x00000000   Number         0  entry10a.o ABSOLUTE
    ../clib/microlib/init/entry.s            0x00000000   Number         0  entry9b.o ABSOLUTE
    ../clib/microlib/init/entry.s            0x00000000   Number         0  entry9a.o ABSOLUTE
    ../clib/microlib/init/entry.s            0x00000000   Number         0  entry8b.o ABSOLUTE
    ../clib/microlib/init/entry.s            0x00000000   Number         0  entry8a.o ABSOLUTE
    ../clib/microlib/init/entry.s            0x00000000   Number         0  entry7a.o ABSOLUTE
    ../clib/microlib/longlong.c              0x00000000   Number         0  llsshr.o ABSOLUTE
    ../clib/microlib/longlong.c              0x00000000   Number         0  llushr.o ABSOLUTE
    ../clib/microlib/longlong.c              0x00000000   Number         0  llshl.o ABSOLUTE
    ../clib/microlib/printf/printf.c         0x00000000   Number         0  printf2.o ABSOLUTE
    ../clib/microlib/printf/printf.c         0x00000000   Number         0  printfa.o ABSOLUTE
    ../clib/microlib/printf/printf.c         0x00000000   Number         0  printf8.o ABSOLUTE
    ../clib/microlib/printf/printf.c         0x00000000   Number         0  printf7.o ABSOLUTE
    ../clib/microlib/printf/printf.c         0x00000000   Number         0  printf6.o ABSOLUTE
    ../clib/microlib/printf/printf.c         0x00000000   Number         0  printf5.o ABSOLUTE
    ../clib/microlib/printf/printf.c         0x00000000   Number         0  printf4.o ABSOLUTE
    ../clib/microlib/printf/printf.c         0x00000000   Number         0  printf3.o ABSOLUTE
    ../clib/microlib/printf/printf.c         0x00000000   Number         0  printf1.o ABSOLUTE
    ../clib/microlib/printf/printf.c         0x00000000   Number         0  printf0.o ABSOLUTE
    ../clib/microlib/printf/printf.c         0x00000000   Number         0  printfb.o ABSOLUTE
    ../clib/microlib/printf/stubs.s          0x00000000   Number         0  stubs.o ABSOLUTE
    ../clib/microlib/stdio/getc.c            0x00000000   Number         0  getc.o ABSOLUTE
    ../clib/microlib/stdio/putc.c            0x00000000   Number         0  putc.o ABSOLUTE
    ../clib/microlib/stdio/puts.c            0x00000000   Number         0  puts.o ABSOLUTE
    ../clib/microlib/stdio/puts.c            0x00000000   Number         0  puts_e.o ABSOLUTE
    ../clib/microlib/stdio/streams.c         0x00000000   Number         0  stdout.o ABSOLUTE
    ../clib/microlib/stdio/streams.c         0x00000000   Number         0  stdin.o ABSOLUTE
    ../clib/microlib/string/memset.c         0x00000000   Number         0  memseta.o ABSOLUTE
    ../clib/microlib/stubs.s                 0x00000000   Number         0  iusefp.o ABSOLUTE
    ../fplib/microlib/fpadd.c                0x00000000   Number         0  dadd.o ABSOLUTE
    ../fplib/microlib/fpdiv.c                0x00000000   Number         0  ddiv.o ABSOLUTE
    ../fplib/microlib/fpepilogue.c           0x00000000   Number         0  depilogue.o ABSOLUTE
    ../fplib/microlib/fpfix.c                0x00000000   Number         0  dfixul.o ABSOLUTE
    ../fplib/microlib/fpmul.c                0x00000000   Number         0  dmul.o ABSOLUTE
    EdgeInterrupt.c                          0x00000000   Number         0  edgeinterrupt.o ABSOLUTE
    PLL.c                                    0x00000000   Number         0  pll.o ABSOLUTE
    UART.c                                   0x00000000   Number         0  uart.o ABSOLUTE
    cdrcmple.s                               0x00000000   Number         0  cdrcmple.o ABSOLUTE
    dc.s                                     0x00000000   Number         0  dc.o ABSOLUTE
    handlers.s                               0x00000000   Number         0  handlers.o ABSOLUTE
    init.s                                   0x00000000   Number         0  init.o ABSOLUTE
    jelos.c                                  0x00000000   Number         0  jelos.o ABSOLUTE
    jelosASM.s                               0x00000000   Number         0  jelosasm.o ABSOLUTE
    ostestmain.c                             0x00000000   Number         0  ostestmain.o ABSOLUTE
    semaphore.c                              0x00000000   Number         0  semaphore.o ABSOLUTE
    serialio.c                               0x00000000   Number         0  serialio.o ABSOLUTE
    shell.c                                  0x00000000   Number         0  shell.o ABSOLUTE
    startup.s                                0x00000000   Number         0  startup.o ABSOLUTE
    .ARM.Collect$$$$00000000                 0x00000284   Section        0  entry.o(.ARM.Collect$$$$00000000)
    .ARM.Collect$$$$00000001                 0x00000284   Section        4  entry2.o(.ARM.Collect$$$$00000001)
    .ARM.Collect$$$$00000004                 0x00000288   Section        4  entry5.o(.ARM.Collect$$$$00000004)
    .ARM.Collect$$$$00000008                 0x0000028c   Section        0  entry7b.o(.ARM.Collect$$$$00000008)
    .ARM.Collect$$$$0000000A                 0x0000028c   Section        0  entry8b.o(.ARM.Collect$$$$0000000A)
    .ARM.Collect$$$$0000000B                 0x0000028c   Section        8  entry9a.o(.ARM.Collect$$$$0000000B)
    .ARM.Collect$$$$0000000D                 0x00000294   Section        0  entry10a.o(.ARM.Collect$$$$0000000D)
    .ARM.Collect$$$$0000000F                 0x00000294   Section        0  entry11a.o(.ARM.Collect$$$$0000000F)
    .ARM.Collect$$$$00002712                 0x00000294   Section        4  entry2.o(.ARM.Collect$$$$00002712)
    __lit__00000000                          0x00000294   Data           4  entry2.o(.ARM.Collect$$$$00002712)
    .text                                    0x00000298   Section       64  jelosasm.o(.text)
    task_exit                                0x000002d3   Thumb Code     0  jelosasm.o(.text)
    .text                                    0x000002d8   Section       28  startup.o(.text)
    .text                                    0x000002f4   Section        0  memseta.o(.text)
    .text                                    0x00000318   Section        0  uidiv.o(.text)
    .text                                    0x00000344   Section       36  init.o(.text)
    i.BlockCurrentTask                       0x00000368   Section        0  jelos.o(i.BlockCurrentTask)
    i.CreateTask                             0x00000374   Section        0  jelos.o(i.CreateTask)
    i.InitSystem                             0x000003e8   Section        0  jelos.o(i.InitSystem)
    InitSystem                               0x000003e9   Thumb Code    52  jelos.o(i.InitSystem)
    i.My_TID                                 0x0000042c   Section        0  jelos.o(i.My_TID)
    i.NullTask                               0x00000438   Section        0  jelos.o(i.NullTask)
    NullTask                                 0x00000439   Thumb Code     4  jelos.o(i.NullTask)
    i.OS_Delay                               0x0000043c   Section        0  jelos.o(i.OS_Delay)
    i.OS_Sem_Init                            0x00000448   Section        0  semaphore.o(i.OS_Sem_Init)
    i.OS_Sem_Pend                            0x0000045e   Section        0  semaphore.o(i.OS_Sem_Pend)
    i.OS_Sem_Post                            0x00000490   Section        0  semaphore.o(i.OS_Sem_Post)
    i.OS_Surrender                           0x000004b0   Section        0  semaphore.o(i.OS_Surrender)
    i.One                                    0x000004c0   Section        0  ostestmain.o(i.One)
    i.PLL_Init                               0x000004fc   Section        0  pll.o(i.PLL_Init)
    i.Schedule                               0x00000578   Section        0  jelos.o(i.Schedule)
    i.StartScheduler                         0x000005e8   Section        0  jelos.o(i.StartScheduler)
    i.SysTick_Init                           0x00000604   Section        0  ostestmain.o(i.SysTick_Init)
    i.Two                                    0x0000062c   Section        0  ostestmain.o(i.Two)
    i.UART_InChar                            0x00000668   Section        0  uart.o(i.UART_InChar)
    i.UART_Init                              0x00000684   Section        0  uart.o(i.UART_Init)
    i.UART_OutChar                           0x0000071c   Section        0  uart.o(i.UART_OutChar)
    i.UnblockTask                            0x00000734   Section        0  jelos.o(i.UnblockTask)
    i.Zero                                   0x00000750   Section        0  ostestmain.o(i.Zero)
    i.__0printf$3                            0x0000078c   Section        0  printf3.o(i.__0printf$3)
    i.__scatterload_copy                     0x000007ac   Section       14  handlers.o(i.__scatterload_copy)
    i.__scatterload_null                     0x000007ba   Section        2  handlers.o(i.__scatterload_null)
    i.__scatterload_zeroinit                 0x000007bc   Section       14  handlers.o(i.__scatterload_zeroinit)
    i._printf_core                           0x000007cc   Section        0  printf3.o(i._printf_core)
    _printf_core                             0x000007cd   Thumb Code   436  printf3.o(i._printf_core)
    i.execute                                0x00000984   Section        0  shell.o(i.execute)
    i.fgetc                                  0x000009d0   Section        0  serialio.o(i.fgetc)
    i.fputc                                  0x000009e4   Section        0  serialio.o(i.fputc)
    i.getc                                   0x00000a10   Section        0  getc.o(i.getc)
    i.gets                                   0x00000a14   Section        0  serialio.o(i.gets)
    i.main                                   0x00000a38   Section        0  ostestmain.o(i.main)
    i.parse                                  0x00000b64   Section        0  shell.o(i.parse)
    i.print_tid                              0x00000bb4   Section        0  shell.o(i.print_tid)
    i.prmsg                                  0x00000bd8   Section        0  serialio.o(i.prmsg)
    i.putc                                   0x00000bf4   Section        0  putc.o(i.putc)
    i.puts                                   0x00000bf8   Section        0  puts.o(i.puts)
    i.settime                                0x00000c1c   Section        0  shell.o(i.settime)
    i.shell                                  0x00000c48   Section        0  shell.o(i.shell)
    i.slowprint                              0x00000d54   Section        0  ostestmain.o(i.slowprint)
    i.spin_delay                             0x00000d78   Section        0  ostestmain.o(i.spin_delay)
    i.strcmp                                 0x00000d84   Section        0  serialio.o(i.strcmp)
    i.temp                                   0x00000db4   Section        0  shell.o(i.temp)
    i.time                                   0x00000dd0   Section        0  shell.o(i.time)
    .conststring                             0x00000e04   Section       68  ostestmain.o(.conststring)
    .data                                    0x20000000   Section        4  ostestmain.o(.data)
    .data                                    0x20000004   Section       12  jelos.o(.data)
    TASK_LIST_PTR                            0x20000004   Data           4  jelos.o(.data)
    CURRENT_TASK                             0x20000008   Data           4  jelos.o(.data)
    NEXT_TID                                 0x2000000c   Data           4  jelos.o(.data)
    .data                                    0x20000010   Section        4  stdin.o(.data)
    .data                                    0x20000014   Section        4  stdout.o(.data)
    .bss                                     0x20000018   Section     2560  ostestmain.o(.bss)
    .bss                                     0x20000a18   Section      200  jelos.o(.bss)
    task_list                                0x20000a18   Data         140  jelos.o(.bss)
    null_task_stack                          0x20000aa4   Data          60  jelos.o(.bss)
    STACK                                    0x20000ae0   Section     1024  startup.o(STACK)
    StackMem                                 0x20000ae0   Data           0  startup.o(STACK)

    Global Symbols

    Symbol Name                              Value     Ov Type        Size  Object(Section)

    BuildAttributes$$THM_ISAv4$E$P$D$K$B$S$7EM$PE$A:L22UL41UL21$X:L11$S22US41US21$IEEE1$IW$USESV6$~STKCKD$USESV7$~SHL$OSPACE$ROPI$EBA8$MICROLIB$REQ8$EABIv2 0x00000000   Number         0  anon$$obj.o ABSOLUTE
    __ARM_use_no_argv                        0x00000000   Number         0  ostestmain.o ABSOLUTE
    __Vectors                                0x00000000   Data           0  startup.o(RESET)
    _printf_a                                0x00000000   Number         0  stubs.o ABSOLUTE
    _printf_c                                0x00000000   Number         0  stubs.o ABSOLUTE
    _printf_charcount                        0x00000000   Number         0  stubs.o ABSOLUTE
    _printf_d                                0x00000000   Number         0  stubs.o ABSOLUTE
    _printf_e                                0x00000000   Number         0  stubs.o ABSOLUTE
    _printf_f                                0x00000000   Number         0  stubs.o ABSOLUTE
    _printf_flags                            0x00000000   Number         0  stubs.o ABSOLUTE
    _printf_fp_dec                           0x00000000   Number         0  stubs.o ABSOLUTE
    _printf_fp_hex                           0x00000000   Number         0  stubs.o ABSOLUTE
    _printf_g                                0x00000000   Number         0  stubs.o ABSOLUTE
    _printf_i                                0x00000000   Number         0  stubs.o ABSOLUTE
    _printf_int_dec                          0x00000000   Number         0  stubs.o ABSOLUTE
    _printf_l                                0x00000000   Number         0  stubs.o ABSOLUTE
    _printf_lc                               0x00000000   Number         0  stubs.o ABSOLUTE
    _printf_ll                               0x00000000   Number         0  stubs.o ABSOLUTE
    _printf_lld                              0x00000000   Number         0  stubs.o ABSOLUTE
    _printf_lli                              0x00000000   Number         0  stubs.o ABSOLUTE
    _printf_llo                              0x00000000   Number         0  stubs.o ABSOLUTE
    _printf_llu                              0x00000000   Number         0  stubs.o ABSOLUTE
    _printf_llx                              0x00000000   Number         0  stubs.o ABSOLUTE
    _printf_longlong_dec                     0x00000000   Number         0  stubs.o ABSOLUTE
    _printf_longlong_hex                     0x00000000   Number         0  stubs.o ABSOLUTE
    _printf_longlong_oct                     0x00000000   Number         0  stubs.o ABSOLUTE
    _printf_ls                               0x00000000   Number         0  stubs.o ABSOLUTE
    _printf_mbtowc                           0x00000000   Number         0  stubs.o ABSOLUTE
    _printf_n                                0x00000000   Number         0  stubs.o ABSOLUTE
    _printf_o                                0x00000000   Number         0  stubs.o ABSOLUTE
    _printf_p                                0x00000000   Number         0  stubs.o ABSOLUTE
    _printf_percent                          0x00000000   Number         0  stubs.o ABSOLUTE
    _printf_pre_padding                      0x00000000   Number         0  stubs.o ABSOLUTE
    _printf_return_value                     0x00000000   Number         0  stubs.o ABSOLUTE
    _printf_s                                0x00000000   Number         0  stubs.o ABSOLUTE
    _printf_sizespec                         0x00000000   Number         0  stubs.o ABSOLUTE
    _printf_str                              0x00000000   Number         0  stubs.o ABSOLUTE
    _printf_truncate_signed                  0x00000000   Number         0  stubs.o ABSOLUTE
    _printf_truncate_unsigned                0x00000000   Number         0  stubs.o ABSOLUTE
    _printf_u                                0x00000000   Number         0  stubs.o ABSOLUTE
    _printf_wc                               0x00000000   Number         0  stubs.o ABSOLUTE
    _printf_wctomb                           0x00000000   Number         0  stubs.o ABSOLUTE
    _printf_widthprec                        0x00000000   Number         0  stubs.o ABSOLUTE
    _printf_x                                0x00000000   Number         0  stubs.o ABSOLUTE
    __cpp_initialize__aeabi_                  - Undefined Weak Reference
    __cxa_finalize                            - Undefined Weak Reference
    __decompress                              - Undefined Weak Reference
    _clock_init                               - Undefined Weak Reference
    _microlib_exit                            - Undefined Weak Reference
    Reset_Handler                            0x0000026d   Thumb Code     0  startup.o(RESET)
    NMI_Handler                              0x00000271   Thumb Code     2  startup.o(RESET)
    HardFault_Handler                        0x00000273   Thumb Code     2  startup.o(RESET)
    MemManage_Handler                        0x00000275   Thumb Code     2  startup.o(RESET)
    BusFault_Handler                         0x00000277   Thumb Code     2  startup.o(RESET)
    UsageFault_Handler                       0x00000279   Thumb Code     2  startup.o(RESET)
    SVC_Handler                              0x0000027b   Thumb Code     2  startup.o(RESET)
    DebugMon_Handler                         0x0000027d   Thumb Code     2  startup.o(RESET)
    PendSV_Handler                           0x0000027f   Thumb Code     2  startup.o(RESET)
    ADC0Seq0_Handler                         0x00000283   Thumb Code     0  startup.o(RESET)
    ADC0Seq1_Handler                         0x00000283   Thumb Code     0  startup.o(RESET)
    ADC0Seq2_Handler                         0x00000283   Thumb Code     0  startup.o(RESET)
    ADC0Seq3_Handler                         0x00000283   Thumb Code     0  startup.o(RESET)
    ADC1Seq0_Handler                         0x00000283   Thumb Code     0  startup.o(RESET)
    ADC1Seq1_Handler                         0x00000283   Thumb Code     0  startup.o(RESET)
    ADC1Seq2_Handler                         0x00000283   Thumb Code     0  startup.o(RESET)
    ADC1Seq3_Handler                         0x00000283   Thumb Code     0  startup.o(RESET)
    CAN0_Handler                             0x00000283   Thumb Code     0  startup.o(RESET)
    CAN1_Handler                             0x00000283   Thumb Code     0  startup.o(RESET)
    CAN2_Handler                             0x00000283   Thumb Code     0  startup.o(RESET)
    Comp0_Handler                            0x00000283   Thumb Code     0  startup.o(RESET)
    Comp1_Handler                            0x00000283   Thumb Code     0  startup.o(RESET)
    Comp2_Handler                            0x00000283   Thumb Code     0  startup.o(RESET)
    Ethernet_Handler                         0x00000283   Thumb Code     0  startup.o(RESET)
    ExtBus_Handler                           0x00000283   Thumb Code     0  startup.o(RESET)
    FPU_Handler                              0x00000283   Thumb Code     0  startup.o(RESET)
    Fan0_Handler                             0x00000283   Thumb Code     0  startup.o(RESET)
    FlashCtl_Handler                         0x00000283   Thumb Code     0  startup.o(RESET)
    GPIOPortA_Handler                        0x00000283   Thumb Code     0  startup.o(RESET)
    GPIOPortB_Handler                        0x00000283   Thumb Code     0  startup.o(RESET)
    GPIOPortC_Handler                        0x00000283   Thumb Code     0  startup.o(RESET)
    GPIOPortD_Handler                        0x00000283   Thumb Code     0  startup.o(RESET)
    GPIOPortE_Handler                        0x00000283   Thumb Code     0  startup.o(RESET)
    GPIOPortF_Handler                        0x00000283   Thumb Code     0  startup.o(RESET)
    GPIOPortG_Handler                        0x00000283   Thumb Code     0  startup.o(RESET)
    GPIOPortH_Handler                        0x00000283   Thumb Code     0  startup.o(RESET)
    GPIOPortJ_Handler                        0x00000283   Thumb Code     0  startup.o(RESET)
    GPIOPortK_Handler                        0x00000283   Thumb Code     0  startup.o(RESET)
    GPIOPortL_Handler                        0x00000283   Thumb Code     0  startup.o(RESET)
    GPIOPortM_Handler                        0x00000283   Thumb Code     0  startup.o(RESET)
    GPIOPortN_Handler                        0x00000283   Thumb Code     0  startup.o(RESET)
    GPIOPortP1_Handler                       0x00000283   Thumb Code     0  startup.o(RESET)
    GPIOPortP2_Handler                       0x00000283   Thumb Code     0  startup.o(RESET)
    GPIOPortP3_Handler                       0x00000283   Thumb Code     0  startup.o(RESET)
    GPIOPortP4_Handler                       0x00000283   Thumb Code     0  startup.o(RESET)
    GPIOPortP5_Handler                       0x00000283   Thumb Code     0  startup.o(RESET)
    GPIOPortP6_Handler                       0x00000283   Thumb Code     0  startup.o(RESET)
    GPIOPortP7_Handler                       0x00000283   Thumb Code     0  startup.o(RESET)
    GPIOPortP_Handler                        0x00000283   Thumb Code     0  startup.o(RESET)
    GPIOPortQ1_Handler                       0x00000283   Thumb Code     0  startup.o(RESET)
    GPIOPortQ2_Handler                       0x00000283   Thumb Code     0  startup.o(RESET)
    GPIOPortQ3_Handler                       0x00000283   Thumb Code     0  startup.o(RESET)
    GPIOPortQ4_Handler                       0x00000283   Thumb Code     0  startup.o(RESET)
    GPIOPortQ5_Handler                       0x00000283   Thumb Code     0  startup.o(RESET)
    GPIOPortQ6_Handler                       0x00000283   Thumb Code     0  startup.o(RESET)
    GPIOPortQ7_Handler                       0x00000283   Thumb Code     0  startup.o(RESET)
    GPIOPortQ_Handler                        0x00000283   Thumb Code     0  startup.o(RESET)
    GPIOPortR_Handler                        0x00000283   Thumb Code     0  startup.o(RESET)
    GPIOPortS_Handler                        0x00000283   Thumb Code     0  startup.o(RESET)
    Hibernate_Handler                        0x00000283   Thumb Code     0  startup.o(RESET)
    I2C0_Handler                             0x00000283   Thumb Code     0  startup.o(RESET)
    I2C1_Handler                             0x00000283   Thumb Code     0  startup.o(RESET)
    I2C2_Handler                             0x00000283   Thumb Code     0  startup.o(RESET)
    I2C3_Handler                             0x00000283   Thumb Code     0  startup.o(RESET)
    I2C4_Handler                             0x00000283   Thumb Code     0  startup.o(RESET)
    I2C5_Handler                             0x00000283   Thumb Code     0  startup.o(RESET)
    I2S0_Handler                             0x00000283   Thumb Code     0  startup.o(RESET)
    LPC0_Handler                             0x00000283   Thumb Code     0  startup.o(RESET)
    PECI0_Handler                            0x00000283   Thumb Code     0  startup.o(RESET)
    PWM0Fault_Handler                        0x00000283   Thumb Code     0  startup.o(RESET)
    PWM0Generator0_Handler                   0x00000283   Thumb Code     0  startup.o(RESET)
    PWM0Generator1_Handler                   0x00000283   Thumb Code     0  startup.o(RESET)
    PWM0Generator2_Handler                   0x00000283   Thumb Code     0  startup.o(RESET)
    PWM0Generator3_Handler                   0x00000283   Thumb Code     0  startup.o(RESET)
    PWM1Fault_Handler                        0x00000283   Thumb Code     0  startup.o(RESET)
    PWM1Generator0_Handler                   0x00000283   Thumb Code     0  startup.o(RESET)
    PWM1Generator1_Handler                   0x00000283   Thumb Code     0  startup.o(RESET)
    PWM1Generator2_Handler                   0x00000283   Thumb Code     0  startup.o(RESET)
    PWM1Generator3_Handler                   0x00000283   Thumb Code     0  startup.o(RESET)
    Quadrature0_Handler                      0x00000283   Thumb Code     0  startup.o(RESET)
    Quadrature1_Handler                      0x00000283   Thumb Code     0  startup.o(RESET)
    Quadrature2_Handler                      0x00000283   Thumb Code     0  startup.o(RESET)
    SSI0_Handler                             0x00000283   Thumb Code     0  startup.o(RESET)
    SSI1_Handler                             0x00000283   Thumb Code     0  startup.o(RESET)
    SSI2_Handler                             0x00000283   Thumb Code     0  startup.o(RESET)
    SSI3_Handler                             0x00000283   Thumb Code     0  startup.o(RESET)
    SysCtl_Handler                           0x00000283   Thumb Code     0  startup.o(RESET)
    Timer0A_Handler                          0x00000283   Thumb Code     0  startup.o(RESET)
    Timer0B_Handler                          0x00000283   Thumb Code     0  startup.o(RESET)
    Timer1A_Handler                          0x00000283   Thumb Code     0  startup.o(RESET)
    Timer1B_Handler                          0x00000283   Thumb Code     0  startup.o(RESET)
    Timer2A_Handler                          0x00000283   Thumb Code     0  startup.o(RESET)
    Timer2B_Handler                          0x00000283   Thumb Code     0  startup.o(RESET)
    Timer3A_Handler                          0x00000283   Thumb Code     0  startup.o(RESET)
    Timer3B_Handler                          0x00000283   Thumb Code     0  startup.o(RESET)
    Timer4A_Handler                          0x00000283   Thumb Code     0  startup.o(RESET)
    Timer4B_Handler                          0x00000283   Thumb Code     0  startup.o(RESET)
    Timer5A_Handler                          0x00000283   Thumb Code     0  startup.o(RESET)
    Timer5B_Handler                          0x00000283   Thumb Code     0  startup.o(RESET)
    UART0_Handler                            0x00000283   Thumb Code     0  startup.o(RESET)
    UART1_Handler                            0x00000283   Thumb Code     0  startup.o(RESET)
    UART2_Handler                            0x00000283   Thumb Code     0  startup.o(RESET)
    UART3_Handler                            0x00000283   Thumb Code     0  startup.o(RESET)
    UART4_Handler                            0x00000283   Thumb Code     0  startup.o(RESET)
    UART5_Handler                            0x00000283   Thumb Code     0  startup.o(RESET)
    UART6_Handler                            0x00000283   Thumb Code     0  startup.o(RESET)
    UART7_Handler                            0x00000283   Thumb Code     0  startup.o(RESET)
    USB0_Handler                             0x00000283   Thumb Code     0  startup.o(RESET)
    WDT_Handler                              0x00000283   Thumb Code     0  startup.o(RESET)
    WideTimer0A_Handler                      0x00000283   Thumb Code     0  startup.o(RESET)
    WideTimer0B_Handler                      0x00000283   Thumb Code     0  startup.o(RESET)
    WideTimer1A_Handler                      0x00000283   Thumb Code     0  startup.o(RESET)
    WideTimer1B_Handler                      0x00000283   Thumb Code     0  startup.o(RESET)
    WideTimer2A_Handler                      0x00000283   Thumb Code     0  startup.o(RESET)
    WideTimer2B_Handler                      0x00000283   Thumb Code     0  startup.o(RESET)
    WideTimer3A_Handler                      0x00000283   Thumb Code     0  startup.o(RESET)
    WideTimer3B_Handler                      0x00000283   Thumb Code     0  startup.o(RESET)
    WideTimer4A_Handler                      0x00000283   Thumb Code     0  startup.o(RESET)
    WideTimer4B_Handler                      0x00000283   Thumb Code     0  startup.o(RESET)
    WideTimer5A_Handler                      0x00000283   Thumb Code     0  startup.o(RESET)
    WideTimer5B_Handler                      0x00000283   Thumb Code     0  startup.o(RESET)
    uDMA_Error                               0x00000283   Thumb Code     0  startup.o(RESET)
    uDMA_Handler                             0x00000283   Thumb Code     0  startup.o(RESET)
    __main                                   0x00000285   Thumb Code     0  entry.o(.ARM.Collect$$$$00000000)
    _main_stk                                0x00000285   Thumb Code     0  entry2.o(.ARM.Collect$$$$00000001)
    _main_scatterload                        0x00000289   Thumb Code     0  entry5.o(.ARM.Collect$$$$00000004)
    __main_after_scatterload                 0x0000028d   Thumb Code     0  entry5.o(.ARM.Collect$$$$00000004)
    _main_clock                              0x0000028d   Thumb Code     0  entry7b.o(.ARM.Collect$$$$00000008)
    _main_cpp_init                           0x0000028d   Thumb Code     0  entry8b.o(.ARM.Collect$$$$0000000A)
    _main_init                               0x0000028d   Thumb Code     0  entry9a.o(.ARM.Collect$$$$0000000B)
    __rt_final_cpp                           0x00000295   Thumb Code     0  entry10a.o(.ARM.Collect$$$$0000000D)
    __rt_final_exit                          0x00000295   Thumb Code     0  entry11a.o(.ARM.Collect$$$$0000000F)
    SysTick_Handler                          0x00000299   Thumb Code     0  jelosasm.o(.text)
    StartNewTask                             0x000002b1   Thumb Code     0  jelosasm.o(.text)
    DisableInterrupts                        0x000002d9   Thumb Code     0  startup.o(.text)
    EnableInterrupts                         0x000002dd   Thumb Code     0  startup.o(.text)
    StartCritical                            0x000002e1   Thumb Code     0  startup.o(.text)
    EndCritical                              0x000002e9   Thumb Code     0  startup.o(.text)
    WaitForInterrupt                         0x000002ef   Thumb Code     0  startup.o(.text)
    __aeabi_memset                           0x000002f5   Thumb Code    14  memseta.o(.text)
    __aeabi_memset4                          0x000002f5   Thumb Code     0  memseta.o(.text)
    __aeabi_memset8                          0x000002f5   Thumb Code     0  memseta.o(.text)
    __aeabi_memclr                           0x00000303   Thumb Code     4  memseta.o(.text)
    __aeabi_memclr4                          0x00000303   Thumb Code     0  memseta.o(.text)
    __aeabi_memclr8                          0x00000303   Thumb Code     0  memseta.o(.text)
    _memset$wrapper                          0x00000307   Thumb Code    18  memseta.o(.text)
    __aeabi_uidiv                            0x00000319   Thumb Code     0  uidiv.o(.text)
    __aeabi_uidivmod                         0x00000319   Thumb Code    44  uidiv.o(.text)
    __scatterload                            0x00000345   Thumb Code    28  init.o(.text)
    __scatterload_rt2                        0x00000345   Thumb Code     0  init.o(.text)
    BlockCurrentTask                         0x00000369   Thumb Code     8  jelos.o(i.BlockCurrentTask)
    CreateTask                               0x00000375   Thumb Code   102  jelos.o(i.CreateTask)
    My_TID                                   0x0000042d   Thumb Code     8  jelos.o(i.My_TID)
    OS_Delay                                 0x0000043d   Thumb Code    12  jelos.o(i.OS_Delay)
    OS_Sem_Init                              0x00000449   Thumb Code    22  semaphore.o(i.OS_Sem_Init)
    OS_Sem_Pend                              0x0000045f   Thumb Code    50  semaphore.o(i.OS_Sem_Pend)
    OS_Sem_Post                              0x00000491   Thumb Code    30  semaphore.o(i.OS_Sem_Post)
    OS_Surrender                             0x000004b1   Thumb Code    10  semaphore.o(i.OS_Surrender)
    One                                      0x000004c1   Thumb Code    30  ostestmain.o(i.One)
    PLL_Init                                 0x000004fd   Thumb Code   120  pll.o(i.PLL_Init)
    Schedule                                 0x00000579   Thumb Code   106  jelos.o(i.Schedule)
    StartScheduler                           0x000005e9   Thumb Code    22  jelos.o(i.StartScheduler)
    SysTick_Init                             0x00000605   Thumb Code    36  ostestmain.o(i.SysTick_Init)
    Two                                      0x0000062d   Thumb Code    28  ostestmain.o(i.Two)
    UART_InChar                              0x00000669   Thumb Code    22  uart.o(i.UART_InChar)
    UART_Init                                0x00000685   Thumb Code   132  uart.o(i.UART_Init)
    UART_OutChar                             0x0000071d   Thumb Code    20  uart.o(i.UART_OutChar)
    UnblockTask                              0x00000735   Thumb Code    24  jelos.o(i.UnblockTask)
    Zero                                     0x00000751   Thumb Code    28  ostestmain.o(i.Zero)
    __0printf$3                              0x0000078d   Thumb Code    22  printf3.o(i.__0printf$3)
    __1printf$3                              0x0000078d   Thumb Code     0  printf3.o(i.__0printf$3)
    __2printf                                0x0000078d   Thumb Code     0  printf3.o(i.__0printf$3)
    __scatterload_copy                       0x000007ad   Thumb Code    14  handlers.o(i.__scatterload_copy)
    __scatterload_null                       0x000007bb   Thumb Code     2  handlers.o(i.__scatterload_null)
    __scatterload_zeroinit                   0x000007bd   Thumb Code    14  handlers.o(i.__scatterload_zeroinit)
    execute                                  0x00000985   Thumb Code    56  shell.o(i.execute)
    fgetc                                    0x000009d1   Thumb Code    20  serialio.o(i.fgetc)
    fputc                                    0x000009e5   Thumb Code    44  serialio.o(i.fputc)
    getc                                     0x00000a11   Thumb Code     4  getc.o(i.getc)
    gets                                     0x00000a15   Thumb Code    32  serialio.o(i.gets)
    main                                     0x00000a39   Thumb Code   156  ostestmain.o(i.main)
    parse                                    0x00000b65   Thumb Code    78  shell.o(i.parse)
    print_tid                                0x00000bb5   Thumb Code    18  shell.o(i.print_tid)
    prmsg                                    0x00000bd9   Thumb Code    24  serialio.o(i.prmsg)
    putc                                     0x00000bf5   Thumb Code     4  putc.o(i.putc)
    puts                                     0x00000bf9   Thumb Code    30  puts.o(i.puts)
    settime                                  0x00000c1d   Thumb Code    22  shell.o(i.settime)
    shell                                    0x00000c49   Thumb Code   184  shell.o(i.shell)
    slowprint                                0x00000d55   Thumb Code    32  ostestmain.o(i.slowprint)
    spin_delay                               0x00000d79   Thumb Code    12  ostestmain.o(i.spin_delay)
    strcmp                                   0x00000d85   Thumb Code    46  serialio.o(i.strcmp)
    temp                                     0x00000db5   Thumb Code    12  shell.o(i.temp)
    time                                     0x00000dd1   Thumb Code    22  shell.o(i.time)
    Region$$Table$$Base                      0x00000e48   Number         0  anon$$obj.o(Region$$Table)
    Region$$Table$$Limit                     0x00000e68   Number         0  anon$$obj.o(Region$$Table)
    UART_Sem                                 0x20000000   Data           4  ostestmain.o(.data)
    __stdin                                  0x20000010   Data           4  stdin.o(.data)
    __stdout                                 0x20000014   Data           4  stdout.o(.data)
    task_zero_stack                          0x20000018   Data         512  ostestmain.o(.bss)
    task_one_stack                           0x20000218   Data         512  ostestmain.o(.bss)
    task_two_stack                           0x20000418   Data         512  ostestmain.o(.bss)
    task_shell_stack                         0x20000618   Data        1024  ostestmain.o(.bss)
    __initial_sp                             0x20000ee0   Data           0  startup.o(STACK)



==============================================================================

Memory Map of the image

  Image Entry point : 0x0000026d

  Load Region LR_1 (Base: 0x00000000, Size: 0x00000e80, Max: 0xffffffff, ABSOLUTE)

    Execution Region ER_RO (Exec base: 0x00000000, Load base: 0x00000000, Size: 0x00000e68, Max: 0xffffffff, ABSOLUTE)

    Exec Addr    Load Addr    Size         Type   Attr      Idx    E Section Name        Object

    0x00000000   0x00000000   0x00000284   Code   RO          308  * RESET               startup.o
    0x00000284   0x00000284   0x00000000   Code   RO          375  * .ARM.Collect$$$$00000000  mc_w.l(entry.o)
    0x00000284   0x00000284   0x00000004   Code   RO          651    .ARM.Collect$$$$00000001  mc_w.l(entry2.o)
    0x00000288   0x00000288   0x00000004   Code   RO          654    .ARM.Collect$$$$00000004  mc_w.l(entry5.o)
    0x0000028c   0x0000028c   0x00000000   Code   RO          656    .ARM.Collect$$$$00000008  mc_w.l(entry7b.o)
    0x0000028c   0x0000028c   0x00000000   Code   RO          658    .ARM.Collect$$$$0000000A  mc_w.l(entry8b.o)
    0x0000028c   0x0000028c   0x00000008   Code   RO          659    .ARM.Collect$$$$0000000B  mc_w.l(entry9a.o)
    0x00000294   0x00000294   0x00000000   Code   RO          661    .ARM.Collect$$$$0000000D  mc_w.l(entry10a.o)
    0x00000294   0x00000294   0x00000000   Code   RO          663    .ARM.Collect$$$$0000000F  mc_w.l(entry11a.o)
    0x00000294   0x00000294   0x00000004   Code   RO          652    .ARM.Collect$$$$00002712  mc_w.l(entry2.o)
    0x00000298   0x00000298   0x00000040   Code   RO          194    .text               jelosasm.o
    0x000002d8   0x000002d8   0x0000001c   Code   RO          309    .text               startup.o
    0x000002f4   0x000002f4   0x00000024   Code   RO          388    .text               mc_w.l(memseta.o)
    0x00000318   0x00000318   0x0000002c   Code   RO          665    .text               mc_w.l(uidiv.o)
    0x00000344   0x00000344   0x00000024   Code   RO          680    .text               mc_w.l(init.o)
    0x00000368   0x00000368   0x0000000c   Code   RO          125    i.BlockCurrentTask  jelos.o
    0x00000374   0x00000374   0x00000074   Code   RO          126    i.CreateTask        jelos.o
    0x000003e8   0x000003e8   0x00000044   Code   RO          127    i.InitSystem        jelos.o
    0x0000042c   0x0000042c   0x0000000c   Code   RO          128    i.My_TID            jelos.o
    0x00000438   0x00000438   0x00000004   Code   RO          129    i.NullTask          jelos.o
    0x0000043c   0x0000043c   0x0000000c   Code   RO          130    i.OS_Delay          jelos.o
    0x00000448   0x00000448   0x00000016   Code   RO            1    i.OS_Sem_Init       semaphore.o
    0x0000045e   0x0000045e   0x00000032   Code   RO            2    i.OS_Sem_Pend       semaphore.o
    0x00000490   0x00000490   0x0000001e   Code   RO            3    i.OS_Sem_Post       semaphore.o
    0x000004ae   0x000004ae   0x00000002   PAD
    0x000004b0   0x000004b0   0x00000010   Code   RO            4    i.OS_Surrender      semaphore.o
    0x000004c0   0x000004c0   0x0000003c   Code   RO           44    i.One               ostestmain.o
    0x000004fc   0x000004fc   0x0000007c   Code   RO          315    i.PLL_Init          pll.o
    0x00000578   0x00000578   0x00000070   Code   RO          131    i.Schedule          jelos.o
    0x000005e8   0x000005e8   0x0000001c   Code   RO          132    i.StartScheduler    jelos.o
    0x00000604   0x00000604   0x00000028   Code   RO           45    i.SysTick_Init      ostestmain.o
    0x0000062c   0x0000062c   0x0000003c   Code   RO           46    i.Two               ostestmain.o
    0x00000668   0x00000668   0x0000001c   Code   RO          246    i.UART_InChar       uart.o
    0x00000684   0x00000684   0x00000098   Code   RO          250    i.UART_Init         uart.o
    0x0000071c   0x0000071c   0x00000018   Code   RO          251    i.UART_OutChar      uart.o
    0x00000734   0x00000734   0x0000001c   Code   RO          133    i.UnblockTask       jelos.o
    0x00000750   0x00000750   0x0000003c   Code   RO           47    i.Zero              ostestmain.o
    0x0000078c   0x0000078c   0x00000020   Code   RO          479    i.__0printf$3       mc_w.l(printf3.o)
    0x000007ac   0x000007ac   0x0000000e   Code   RO          692    i.__scatterload_copy  mc_w.l(handlers.o)
    0x000007ba   0x000007ba   0x00000002   Code   RO          693    i.__scatterload_null  mc_w.l(handlers.o)
    0x000007bc   0x000007bc   0x0000000e   Code   RO          694    i.__scatterload_zeroinit  mc_w.l(handlers.o)
    0x000007ca   0x000007ca   0x00000002   PAD
    0x000007cc   0x000007cc   0x000001b8   Code   RO          486    i._printf_core      mc_w.l(printf3.o)
    0x00000984   0x00000984   0x0000004c   Code   RO          198    i.execute           shell.o
    0x000009d0   0x000009d0   0x00000014   Code   RO          328    i.fgetc             serialio.o
    0x000009e4   0x000009e4   0x0000002c   Code   RO          329    i.fputc             serialio.o
    0x00000a10   0x00000a10   0x00000004   Code   RO          380    i.getc              mc_w.l(getc.o)
    0x00000a14   0x00000a14   0x00000024   Code   RO          330    i.gets              serialio.o
    0x00000a38   0x00000a38   0x0000012c   Code   RO           48    i.main              ostestmain.o
    0x00000b64   0x00000b64   0x0000004e   Code   RO          199    i.parse             shell.o
    0x00000bb2   0x00000bb2   0x00000002   PAD
    0x00000bb4   0x00000bb4   0x00000024   Code   RO          200    i.print_tid         shell.o
    0x00000bd8   0x00000bd8   0x0000001c   Code   RO          331    i.prmsg             serialio.o
    0x00000bf4   0x00000bf4   0x00000004   Code   RO          382    i.putc              mc_w.l(putc.o)
    0x00000bf8   0x00000bf8   0x00000024   Code   RO          378    i.puts              mc_w.l(puts.o)
    0x00000c1c   0x00000c1c   0x0000002c   Code   RO          201    i.settime           shell.o
    0x00000c48   0x00000c48   0x0000010c   Code   RO          202    i.shell             shell.o
    0x00000d54   0x00000d54   0x00000024   Code   RO           49    i.slowprint         ostestmain.o
    0x00000d78   0x00000d78   0x0000000c   Code   RO           50    i.spin_delay        ostestmain.o
    0x00000d84   0x00000d84   0x0000002e   Code   RO          332    i.strcmp            serialio.o
    0x00000db2   0x00000db2   0x00000002   PAD
    0x00000db4   0x00000db4   0x0000001c   Code   RO          203    i.temp              shell.o
    0x00000dd0   0x00000dd0   0x00000034   Code   RO          204    i.time              shell.o
    0x00000e04   0x00000e04   0x00000044   Data   RO           52    .conststring        ostestmain.o
    0x00000e48   0x00000e48   0x00000020   Data   RO          690    Region$$Table       anon$$obj.o


    Execution Region ER_RW (Exec base: 0x20000000, Load base: 0x00000e68, Size: 0x00000018, Max: 0xffffffff, ABSOLUTE)

    Exec Addr    Load Addr    Size         Type   Attr      Idx    E Section Name        Object

    0x20000000   0x00000e68   0x00000004   Data   RW           53    .data               ostestmain.o
    0x20000004   0x00000e6c   0x0000000c   Data   RW          135    .data               jelos.o
    0x20000010   0x00000e78   0x00000004   Data   RW          386    .data               mc_w.l(stdin.o)
    0x20000014   0x00000e7c   0x00000004   Data   RW          387    .data               mc_w.l(stdout.o)


    Execution Region ER_ZI (Exec base: 0x20000018, Load base: 0x00000e80, Size: 0x00000ec8, Max: 0xffffffff, ABSOLUTE)

    Exec Addr    Load Addr    Size         Type   Attr      Idx    E Section Name        Object

    0x20000018        -       0x00000a00   Zero   RW           51    .bss                ostestmain.o
    0x20000a18        -       0x000000c8   Zero   RW          134    .bss                jelos.o
    0x20000ae0        -       0x00000400   Zero   RW          306    STACK               startup.o


==============================================================================

Image component sizes


      Code (inc. data)   RO Data    RW Data    ZI Data      Debug   Object Name

       392         54          0         12        200       5138   jelos.o
        64          6          0          0          0        308   jelosasm.o
       568        246         68          4       2560       5400   ostestmain.o
       124          4          0          0          0        435   pll.o
       118          6          0          0          0       4625   semaphore.o
       174          8          0          0          0       2752   serialio.o
       582        190          0          0          0       3574   shell.o
       672        622          0          0       1024        980   startup.o
       204         30          0          0          0       1329   uart.o

    ----------------------------------------------------------------------
      2904       1166        100         16       3784      24541   Object Totals
         0          0         32          0          0          0   (incl. Generated)
         6          0          0          0          0          0   (incl. Padding)

    ----------------------------------------------------------------------

      Code (inc. data)   RO Data    RW Data    ZI Data      Debug   Library Member Name

         0          0          0          0          0          0   entry.o
         0          0          0          0          0          0   entry10a.o
         0          0          0          0          0          0   entry11a.o
         8          4          0          0          0          0   entry2.o
         4          0          0          0          0          0   entry5.o
         0          0          0          0          0          0   entry7b.o
         0          0          0          0          0          0   entry8b.o
         8          4          0          0          0          0   entry9a.o
         4          0          0          0          0         68   getc.o
        30          0          0          0          0          0   handlers.o
        36          8          0          0          0         68   init.o
        36          0          0          0          0        108   memseta.o
       472         14          0          0          0        184   printf3.o
         4          0          0          0          0         68   putc.o
        36          6          0          0          0         80   puts.o
         0          0          0          4          0          0   stdin.o
         0          0          0          4          0          0   stdout.o
        44          0          0          0          0         80   uidiv.o

    ----------------------------------------------------------------------
       684         36          0          8          0        656   Library Totals
         2          0          0          0          0          0   (incl. Padding)

    ----------------------------------------------------------------------

      Code (inc. data)   RO Data    RW Data    ZI Data      Debug   Library Name

       682         36          0          8          0        656   mc_w.l

    ----------------------------------------------------------------------
       684         36          0          8          0        656   Library Totals

    ----------------------------------------------------------------------

==============================================================================


      Code (inc. data)   RO Data    RW Data    ZI Data      Debug   

      3588       1202        100         24       3784      23373   Grand Totals
      3588       1202        100         24       3784      23373   ELF Image Totals
      3588       1202        100         24          0          0   ROM Totals

==============================================================================

    Total RO  Size (Code + RO Data)                 3688 (   3.60kB)
    Total RW  Size (RW Data + ZI Data)              3808 (   3.72kB)
    Total ROM Size (Code + RO Data + RW Data)       3712 (   3.63kB)

==============================================================================

